// Jest Snapshot v1, https://goo.gl/fbAQLP

exports[`Group can be created using the block inserter 1`] = `
"<!-- wp:group -->
<div class=\\"wp-block-group\\"><div class=\\"wp-block-group__inner-container\\"><!-- wp:paragraph -->
<p>Group block</p>
<!-- /wp:paragraph --></div></div>
<!-- /wp:group -->"
`;

exports[`Group can be created using the slash inserter 1`] = `
"<!-- wp:group -->
<div class=\\"wp-block-group\\"><div class=\\"wp-block-group__inner-container\\"><!-- wp:paragraph -->
<p>Group block</p>
<!-- /wp:paragraph --></div></div>
<!-- /wp:group -->"
`;
